------------------------------------------------------------
Timing Analyzer Summary
------------------------------------------------------------

Type  : Slow 1200mV 85C Model Setup 'clk'
Slack : 10.627
TNS   : 0.000

Type  : Slow 1200mV 85C Model Hold 'clk'
Slack : 0.284
TNS   : 0.000

Type  : Slow 1200mV 85C Model Recovery 'clk'
Slack : 16.227
TNS   : 0.000

Type  : Slow 1200mV 85C Model Removal 'clk'
Slack : 2.352
TNS   : 0.000

Type  : Slow 1200mV 85C Model Minimum Pulse Width 'clk'
Slack : 9.757
TNS   : 0.000

Type  : Slow 1200mV 0C Model Setup 'clk'
Slack : 11.518
TNS   : 0.000

Type  : Slow 1200mV 0C Model Hold 'clk'
Slack : 0.242
TNS   : 0.000

Type  : Slow 1200mV 0C Model Recovery 'clk'
Slack : 16.743
TNS   : 0.000

Type  : Slow 1200mV 0C Model Removal 'clk'
Slack : 2.107
TNS   : 0.000

Type  : Slow 1200mV 0C Model Minimum Pulse Width 'clk'
Slack : 9.746
TNS   : 0.000

Type  : Fast 1200mV 0C Model Setup 'clk'
Slack : 14.803
TNS   : 0.000

Type  : Fast 1200mV 0C Model Hold 'clk'
Slack : 0.027
TNS   : 0.000

Type  : Fast 1200mV 0C Model Recovery 'clk'
Slack : 17.593
TNS   : 0.000

Type  : Fast 1200mV 0C Model Removal 'clk'
Slack : 1.130
TNS   : 0.000

Type  : Fast 1200mV 0C Model Minimum Pulse Width 'clk'
Slack : 9.439
TNS   : 0.000

------------------------------------------------------------
